{
  "version": "1.5.43",
  "plugins_used": [
    {
      "name": "ArtifactoryDetector"
    },
    {
      "name": "AWSKeyDetector"
    },
    {
      "name": "AzureStorageKeyDetector"
    },
    {
      "name": "Base64HighEntropyString",
      "limit": 4.5
    },
    {
      "name": "BasicAuthDetector"
    },
    {
      "name": "CloudantDetector"
    },
    {
      "name": "DiscordBotTokenDetector"
    },
    {
      "name": "GitHubTokenDetector"
    },
    {
      "name": "HexHighEntropyString",
      "limit": 3.0
    },
    {
      "name": "IbmCloudIamDetector"
    },
    {
      "name": "IbmCosHmacDetector"
    },
    {
      "name": "JwtTokenDetector"
    },
    {
      "name": "KeywordDetector",
      "keyword_exclude": ""
    },
    {
      "name": "MailchimpDetector"
    },
    {
      "name": "NpmDetector"
    },
    {
      "name": "PrivateKeyDetector"
    },
    {
      "name": "SendGridDetector"
    },
    {
      "name": "SlackDetector"
    },
    {
      "name": "SoftlayerDetector"
    },
    {
      "name": "SquareOAuthDetector"
    },
    {
      "name": "StripeDetector"
    },
    {
      "name": "TwilioKeyDetector"
    }
  ],
  "filters_used": [
    {
      "path": "detect_secrets.filters.allowlist.is_line_allowlisted"
    },
    {
      "path": "detect_secrets.filters.common.is_ignored_due_to_verification_policies",
      "min_level": 2
    },
    {
      "path": "detect_secrets.filters.heuristic.is_indirect_reference"
    },
    {
      "path": "detect_secrets.filters.heuristic.is_likely_id_string"
    },
    {
      "path": "detect_secrets.filters.heuristic.is_lock_file"
    },
    {
      "path": "detect_secrets.filters.heuristic.is_not_alphanumeric_string"
    },
    {
      "path": "detect_secrets.filters.heuristic.is_potential_uuid"
    },
    {
      "path": "detect_secrets.filters.heuristic.is_prefixed_with_dollar_sign"
    },
    {
      "path": "detect_secrets.filters.heuristic.is_sequential_string"
    },
    {
      "path": "detect_secrets.filters.heuristic.is_swagger_file"
    },
    {
      "path": "detect_secrets.filters.heuristic.is_templated_secret"
    },
    {
      "path": "detect_secrets.filters.regex.should_exclude_file",
      "pattern": [
        "node_modules|pnpm-lock.yaml|\\.next|\\.git|detect_secrets_output"
      ]
    }
  ],
  "results": {
    "Scrapling-main\\agent-skill\\Scrapling-Skill\\references\\fetching\\static.md": [
      {
        "type": "Basic Auth Credentials",
        "filename": "Scrapling-main\\agent-skill\\Scrapling-Skill\\references\\fetching\\static.md",
        "hashed_secret": "5baa61e4c9b93f3f0682250b6cf8331b7ee68fd8",
        "is_verified": false,
        "line_number": 25,
        "is_added": false,
        "is_removed": false
      },
      {
        "type": "Secret Keyword",
        "filename": "Scrapling-main\\agent-skill\\Scrapling-Skill\\references\\fetching\\static.md",
        "hashed_secret": "cbfdac6008f9cab4083784cbd1874f76618d2a97",
        "is_verified": false,
        "line_number": 351,
        "is_added": false,
        "is_removed": false
      }
    ],
    "Scrapling-main\\agent-skill\\Scrapling-Skill\\references\\mcp-server.md": [
      {
        "type": "Basic Auth Credentials",
        "filename": "Scrapling-main\\agent-skill\\Scrapling-Skill\\references\\mcp-server.md",
        "hashed_secret": "9d4e1e23bd5b727046a9e3b4b7db57bd8d6ee684",
        "is_verified": false,
        "line_number": 22,
        "is_added": false,
        "is_removed": false
      }
    ],
    "Scrapling-main\\agent-skill\\Scrapling-Skill\\references\\spiders\\proxy-blocking.md": [
      {
        "type": "Basic Auth Credentials",
        "filename": "Scrapling-main\\agent-skill\\Scrapling-Skill\\references\\spiders\\proxy-blocking.md",
        "hashed_secret": "9d4e1e23bd5b727046a9e3b4b7db57bd8d6ee684",
        "is_verified": false,
        "line_number": 21,
        "is_added": false,
        "is_removed": false
      },
      {
        "type": "Secret Keyword",
        "filename": "Scrapling-main\\agent-skill\\Scrapling-Skill\\references\\spiders\\proxy-blocking.md",
        "hashed_secret": "9d4e1e23bd5b727046a9e3b4b7db57bd8d6ee684",
        "is_verified": false,
        "line_number": 47,
        "is_added": false,
        "is_removed": false
      }
    ],
    "Scrapling-main\\docs\\fetching\\static.md": [
      {
        "type": "Basic Auth Credentials",
        "filename": "Scrapling-main\\docs\\fetching\\static.md",
        "hashed_secret": "5baa61e4c9b93f3f0682250b6cf8331b7ee68fd8",
        "is_verified": false,
        "line_number": 31,
        "is_added": false,
        "is_removed": false
      },
      {
        "type": "Secret Keyword",
        "filename": "Scrapling-main\\docs\\fetching\\static.md",
        "hashed_secret": "cbfdac6008f9cab4083784cbd1874f76618d2a97",
        "is_verified": false,
        "line_number": 358,
        "is_added": false,
        "is_removed": false
      }
    ],
    "Scrapling-main\\docs\\overview.md": [
      {
        "type": "Basic Auth Credentials",
        "filename": "Scrapling-main\\docs\\overview.md",
        "hashed_secret": "5baa61e4c9b93f3f0682250b6cf8331b7ee68fd8",
        "is_verified": false,
        "line_number": 276,
        "is_added": false,
        "is_removed": false
      }
    ],
    "Scrapling-main\\docs\\spiders\\proxy-blocking.md": [
      {
        "type": "Basic Auth Credentials",
        "filename": "Scrapling-main\\docs\\spiders\\proxy-blocking.md",
        "hashed_secret": "9d4e1e23bd5b727046a9e3b4b7db57bd8d6ee684",
        "is_verified": false,
        "line_number": 30,
        "is_added": false,
        "is_removed": false
      },
      {
        "type": "Secret Keyword",
        "filename": "Scrapling-main\\docs\\spiders\\proxy-blocking.md",
        "hashed_secret": "9d4e1e23bd5b727046a9e3b4b7db57bd8d6ee684",
        "is_verified": false,
        "line_number": 56,
        "is_added": false,
        "is_removed": false
      }
    ],
    "Scrapling-main\\scrapling\\cli.py": [
      {
        "type": "Basic Auth Credentials",
        "filename": "Scrapling-main\\scrapling\\cli.py",
        "hashed_secret": "5baa61e4c9b93f3f0682250b6cf8331b7ee68fd8",
        "is_verified": false,
        "line_number": 244,
        "is_added": false,
        "is_removed": false
      }
    ],
    "Scrapling-main\\scrapling\\core\\ai.py": [
      {
        "type": "Basic Auth Credentials",
        "filename": "Scrapling-main\\scrapling\\core\\ai.py",
        "hashed_secret": "5baa61e4c9b93f3f0682250b6cf8331b7ee68fd8",
        "is_verified": false,
        "line_number": 371,
        "is_added": false,
        "is_removed": false
      }
    ],
    "Scrapling-main\\scrapling\\engines\\static.py": [
      {
        "type": "Basic Auth Credentials",
        "filename": "Scrapling-main\\scrapling\\engines\\static.py",
        "hashed_secret": "5baa61e4c9b93f3f0682250b6cf8331b7ee68fd8",
        "is_verified": false,
        "line_number": 295,
        "is_added": false,
        "is_removed": false
      }
    ],
    "Scrapling-main\\scrapling\\engines\\toolbelt\\proxy_rotation.py": [
      {
        "type": "Basic Auth Credentials",
        "filename": "Scrapling-main\\scrapling\\engines\\toolbelt\\proxy_rotation.py",
        "hashed_secret": "9d4e1e23bd5b727046a9e3b4b7db57bd8d6ee684",
        "is_verified": false,
        "line_number": 60,
        "is_added": false,
        "is_removed": false
      },
      {
        "type": "Secret Keyword",
        "filename": "Scrapling-main\\scrapling\\engines\\toolbelt\\proxy_rotation.py",
        "hashed_secret": "9d4e1e23bd5b727046a9e3b4b7db57bd8d6ee684",
        "is_verified": false,
        "line_number": 61,
        "is_added": false,
        "is_removed": false
      }
    ],
    "Scrapling-main\\tests\\ai\\test_ai_mcp.py": [
      {
        "type": "Secret Keyword",
        "filename": "Scrapling-main\\tests\\ai\\test_ai_mcp.py",
        "hashed_secret": "9d4e1e23bd5b727046a9e3b4b7db57bd8d6ee684",
        "is_verified": false,
        "line_number": 338,
        "is_added": false,
        "is_removed": false
      }
    ],
    "Scrapling-main\\tests\\cli\\test_shell_functionality.py": [
      {
        "type": "Basic Auth Credentials",
        "filename": "Scrapling-main\\tests\\cli\\test_shell_functionality.py",
        "hashed_secret": "9d4e1e23bd5b727046a9e3b4b7db57bd8d6ee684",
        "is_verified": false,
        "line_number": 68,
        "is_added": false,
        "is_removed": false
      }
    ],
    "Scrapling-main\\tests\\fetchers\\test_proxy_rotation.py": [
      {
        "type": "Secret Keyword",
        "filename": "Scrapling-main\\tests\\fetchers\\test_proxy_rotation.py",
        "hashed_secret": "f0578f1e7174b1a41c4ea8c6e17f7a8a3b88c92a",
        "is_verified": false,
        "line_number": 52,
        "is_added": false,
        "is_removed": false
      },
      {
        "type": "Secret Keyword",
        "filename": "Scrapling-main\\tests\\fetchers\\test_proxy_rotation.py",
        "hashed_secret": "9d4e1e23bd5b727046a9e3b4b7db57bd8d6ee684",
        "is_verified": false,
        "line_number": 78,
        "is_added": false,
        "is_removed": false
      }
    ],
    "package.json": [
      {
        "type": "Secret Keyword",
        "filename": "package.json",
        "hashed_secret": "1a125b9d8c3852d0e045f9e04c8232b1f002c644",
        "is_verified": false,
        "line_number": 18,
        "is_added": false,
        "is_removed": false
      }
    ],
    "scripts\\perf\\auth-password-history-validation.bench.ts": [
      {
        "type": "Secret Keyword",
        "filename": "scripts\\perf\\auth-password-history-validation.bench.ts",
        "hashed_secret": "d5b85455bd900828e42248c20b1ea223513b9c2b",
        "is_verified": false,
        "line_number": 114,
        "is_added": false,
        "is_removed": false
      }
    ],
    "services\\modal-agent-runtime\\tests\\test_recap_pipeline.py": [
      {
        "type": "Secret Keyword",
        "filename": "services\\modal-agent-runtime\\tests\\test_recap_pipeline.py",
        "hashed_secret": "c734e47630dda71619c696d88381f06f7511bd78",
        "is_verified": false,
        "line_number": 102,
        "is_added": false,
        "is_removed": false
      },
      {
        "type": "Secret Keyword",
        "filename": "services\\modal-agent-runtime\\tests\\test_recap_pipeline.py",
        "hashed_secret": "e184b402822abc549b37689c84e8e0e33c39a1f1",
        "is_verified": false,
        "line_number": 104,
        "is_added": false,
        "is_removed": false
      },
      {
        "type": "Secret Keyword",
        "filename": "services\\modal-agent-runtime\\tests\\test_recap_pipeline.py",
        "hashed_secret": "85cecb7dd5868c1d5e8e4fb96e95bdb7ab6c9483",
        "is_verified": false,
        "line_number": 112,
        "is_added": false,
        "is_removed": false
      },
      {
        "type": "Secret Keyword",
        "filename": "services\\modal-agent-runtime\\tests\\test_recap_pipeline.py",
        "hashed_secret": "7e205248cb869fc72ca412a57f599f1dac5416dc",
        "is_verified": false,
        "line_number": 114,
        "is_added": false,
        "is_removed": false
      }
    ],
    "src\\app\\api\\stripe\\connect\\route.ts": [
      {
        "type": "Secret Keyword",
        "filename": "src\\app\\api\\stripe\\connect\\route.ts",
        "hashed_secret": "0f2f005644c0ccfa2998d1f6609edc4adec9b601",
        "is_verified": false,
        "line_number": 38,
        "is_added": false,
        "is_removed": false
      }
    ],
    "src\\components\\zipchat\\ZipchatController.tsx": [
      {
        "type": "Secret Keyword",
        "filename": "src\\components\\zipchat\\ZipchatController.tsx",
        "hashed_secret": "ecb252044b5ea0f679ee78ec1a12904739e2904d",
        "is_verified": false,
        "line_number": 95,
        "is_added": false,
        "is_removed": false
      }
    ],
    "src\\features\\auth\\actions\\auth-actions.ts": [
      {
        "type": "Secret Keyword",
        "filename": "src\\features\\auth\\actions\\auth-actions.ts",
        "hashed_secret": "935a18958de908a3293b56cbc0115b597d628974",
        "is_verified": false,
        "line_number": 40,
        "is_added": false,
        "is_removed": false
      },
      {
        "type": "Secret Keyword",
        "filename": "src\\features\\auth\\actions\\auth-actions.ts",
        "hashed_secret": "80b543f8d337096e56d0ba1410158a90ae7961ae",
        "is_verified": false,
        "line_number": 697,
        "is_added": false,
        "is_removed": false
      }
    ],
    "src\\features\\auth\\components\\ResetPasswordForm.tsx": [
      {
        "type": "Secret Keyword",
        "filename": "src\\features\\auth\\components\\ResetPasswordForm.tsx",
        "hashed_secret": "935a18958de908a3293b56cbc0115b597d628974",
        "is_verified": false,
        "line_number": 14,
        "is_added": false,
        "is_removed": false
      }
    ],
    "src\\lib\\stripe\\connect-state.ts": [
      {
        "type": "Secret Keyword",
        "filename": "src\\lib\\stripe\\connect-state.ts",
        "hashed_secret": "85355a65c191c066122ec7752f04f5b9f1422a80",
        "is_verified": false,
        "line_number": 9,
        "is_added": false,
        "is_removed": false
      }
    ],
    "src\\services\\certificate.service.ts": [
      {
        "type": "Base64 High Entropy String",
        "filename": "src\\services\\certificate.service.ts",
        "hashed_secret": "f8c6f1ff98c5ee78c27d34a3ca68f35ad79847af",
        "is_verified": false,
        "line_number": 1,
        "is_added": false,
        "is_removed": false
      }
    ],
    "supabase\\migrations\\20260331000001_create_site_lockscreen.sql": [
      {
        "type": "Secret Keyword",
        "filename": "supabase\\migrations\\20260331000001_create_site_lockscreen.sql",
        "hashed_secret": "f594e082d9f529f3e63be219d5756b89f1c97504",
        "is_verified": false,
        "line_number": 94,
        "is_added": false,
        "is_removed": false
      }
    ],
    "test_sync_vercel_env.py": [
      {
        "type": "Secret Keyword",
        "filename": "test_sync_vercel_env.py",
        "hashed_secret": "27e57c10d6af2adccc2b5695552e8dee321f2736",
        "is_verified": false,
        "line_number": 13,
        "is_added": false,
        "is_removed": false
      },
      {
        "type": "Secret Keyword",
        "filename": "test_sync_vercel_env.py",
        "hashed_secret": "6a6fde19aa73e832d5223c61e0e170efaf4dd9bf",
        "is_verified": false,
        "line_number": 38,
        "is_added": false,
        "is_removed": false
      }
    ],
    "tests\\api\\admin-api-monitoring-retry.route.test.ts": [
      {
        "type": "Secret Keyword",
        "filename": "tests\\api\\admin-api-monitoring-retry.route.test.ts",
        "hashed_secret": "0b26cd070469dd0394559e384828cb4b88f5ca85",
        "is_verified": false,
        "line_number": 40,
        "is_added": false,
        "is_removed": false
      }
    ],
    "tests\\api\\admin-lockscreen-set-password.route.test.ts": [
      {
        "type": "Secret Keyword",
        "filename": "tests\\api\\admin-lockscreen-set-password.route.test.ts",
        "hashed_secret": "120340c3d011e9621b9bb88b5884221b25251b88",
        "is_verified": false,
        "line_number": 64,
        "is_added": false,
        "is_removed": false
      },
      {
        "type": "Secret Keyword",
        "filename": "tests\\api\\admin-lockscreen-set-password.route.test.ts",
        "hashed_secret": "72c9261971d2174c20d85ca09981fb6c9d0a877d",
        "is_verified": false,
        "line_number": 129,
        "is_added": false,
        "is_removed": false
      }
    ],
    "tests\\api\\footer-social-links.route.test.ts": [
      {
        "type": "Secret Keyword",
        "filename": "tests\\api\\footer-social-links.route.test.ts",
        "hashed_secret": "4dda0f28d8f74c276185fe75b126ef54a7f67ff1",
        "is_verified": false,
        "line_number": 92,
        "is_added": false,
        "is_removed": false
      }
    ],
    "tests\\api\\internal-cache-revalidate.route.test.ts": [
      {
        "type": "Secret Keyword",
        "filename": "tests\\api\\internal-cache-revalidate.route.test.ts",
        "hashed_secret": "0b26cd070469dd0394559e384828cb4b88f5ca85",
        "is_verified": false,
        "line_number": 6,
        "is_added": false,
        "is_removed": false
      },
      {
        "type": "Secret Keyword",
        "filename": "tests\\api\\internal-cache-revalidate.route.test.ts",
        "hashed_secret": "bfa38a0dde3e3b5b20489f35095a5292261e02b2",
        "is_verified": false,
        "line_number": 7,
        "is_added": false,
        "is_removed": false
      }
    ],
    "tests\\api\\prelaunch-access.route.test.ts": [
      {
        "type": "Secret Keyword",
        "filename": "tests\\api\\prelaunch-access.route.test.ts",
        "hashed_secret": "6809ffccad03b80fa1fbc32c17e7e054805ec30b",
        "is_verified": false,
        "line_number": 85,
        "is_added": false,
        "is_removed": false
      },
      {
        "type": "Secret Keyword",
        "filename": "tests\\api\\prelaunch-access.route.test.ts",
        "hashed_secret": "616f1edc83728a2a6c13d0f0cd472900d32611fa",
        "is_verified": false,
        "line_number": 94,
        "is_added": false,
        "is_removed": false
      }
    ],
    "tests\\api\\stripe-connect-refresh.route.test.ts": [
      {
        "type": "Secret Keyword",
        "filename": "tests\\api\\stripe-connect-refresh.route.test.ts",
        "hashed_secret": "3e6b47ce8cff9284feac955c21776af9526c5a91",
        "is_verified": false,
        "line_number": 32,
        "is_added": false,
        "is_removed": false
      }
    ],
    "tests\\api\\stripe-connect.route.test.ts": [
      {
        "type": "Secret Keyword",
        "filename": "tests\\api\\stripe-connect.route.test.ts",
        "hashed_secret": "3e6b47ce8cff9284feac955c21776af9526c5a91",
        "is_verified": false,
        "line_number": 71,
        "is_added": false,
        "is_removed": false
      }
    ],
    "tests\\api\\zipchat-identify.route.test.ts": [
      {
        "type": "JSON Web Token",
        "filename": "tests\\api\\zipchat-identify.route.test.ts",
        "hashed_secret": "f9f4331e9ee379b6bac5e935355c7b2d60b1f676",
        "is_verified": false,
        "line_number": 5,
        "is_added": false,
        "is_removed": false
      }
    ],
    "tests\\features\\admin-api-key-scope.test.ts": [
      {
        "type": "Secret Keyword",
        "filename": "tests\\features\\admin-api-key-scope.test.ts",
        "hashed_secret": "7cb6efb98ba5972a9b5090dc2e517fe14d12cb04",
        "is_verified": false,
        "line_number": 49,
        "is_added": false,
        "is_removed": false
      },
      {
        "type": "Secret Keyword",
        "filename": "tests\\features\\admin-api-key-scope.test.ts",
        "hashed_secret": "5ffe533b830f08a0326348a9160afafc8ada44db",
        "is_verified": false,
        "line_number": 65,
        "is_added": false,
        "is_removed": false
      },
      {
        "type": "Secret Keyword",
        "filename": "tests\\features\\admin-api-key-scope.test.ts",
        "hashed_secret": "c88311062df4f6cfe3089dbcea17737475ad3ea7",
        "is_verified": false,
        "line_number": 66,
        "is_added": false,
        "is_removed": false
      },
      {
        "type": "Secret Keyword",
        "filename": "tests\\features\\admin-api-key-scope.test.ts",
        "hashed_secret": "19941ef9717663ee05c446448f0484aa3f615a94",
        "is_verified": false,
        "line_number": 67,
        "is_added": false,
        "is_removed": false
      },
      {
        "type": "Secret Keyword",
        "filename": "tests\\features\\admin-api-key-scope.test.ts",
        "hashed_secret": "44f1bcce458ee81840a53d53612cc1779420bb83",
        "is_verified": false,
        "line_number": 82,
        "is_added": false,
        "is_removed": false
      },
      {
        "type": "Secret Keyword",
        "filename": "tests\\features\\admin-api-key-scope.test.ts",
        "hashed_secret": "4c2358e256f67a8e4f8f73bd193652d86ae1342a",
        "is_verified": false,
        "line_number": 83,
        "is_added": false,
        "is_removed": false
      },
      {
        "type": "Secret Keyword",
        "filename": "tests\\features\\admin-api-key-scope.test.ts",
        "hashed_secret": "ca0fd7fab9e9a8d033a7aa650b070fab50d8a4a0",
        "is_verified": false,
        "line_number": 108,
        "is_added": false,
        "is_removed": false
      },
      {
        "type": "Secret Keyword",
        "filename": "tests\\features\\admin-api-key-scope.test.ts",
        "hashed_secret": "4c0362ec9e854a61f82449a16848137afc0ba5a4",
        "is_verified": false,
        "line_number": 109,
        "is_added": false,
        "is_removed": false
      }
    ],
    "tests\\features\\agent-runtime-env-mode.test.ts": [
      {
        "type": "Secret Keyword",
        "filename": "tests\\features\\agent-runtime-env-mode.test.ts",
        "hashed_secret": "368d128fd4f677f99b3d528d38e7472f8bc588fc",
        "is_verified": false,
        "line_number": 21,
        "is_added": false,
        "is_removed": false
      },
      {
        "type": "Secret Keyword",
        "filename": "tests\\features\\agent-runtime-env-mode.test.ts",
        "hashed_secret": "a82878de00239ca7b67a0fd361cb11fdbc697d3b",
        "is_verified": false,
        "line_number": 37,
        "is_added": false,
        "is_removed": false
      }
    ],
    "tests\\features\\agent-runtime-route-control.test.ts": [
      {
        "type": "Secret Keyword",
        "filename": "tests\\features\\agent-runtime-route-control.test.ts",
        "hashed_secret": "ee977806d7286510da8b9a7492ba58e2484c0ecc",
        "is_verified": false,
        "line_number": 30,
        "is_added": false,
        "is_removed": false
      }
    ],
    "tests\\features\\auth-action-rate-limit.test.ts": [
      {
        "type": "Secret Keyword",
        "filename": "tests\\features\\auth-action-rate-limit.test.ts",
        "hashed_secret": "7bd5a5c0ba1a2d932b1b76de2e56337c4d31fd0b",
        "is_verified": false,
        "line_number": 224,
        "is_added": false,
        "is_removed": false
      }
    ],
    "tests\\features\\auth-password-reset.actions.test.ts": [
      {
        "type": "Secret Keyword",
        "filename": "tests\\features\\auth-password-reset.actions.test.ts",
        "hashed_secret": "1ded3053d0363079a4e681a3b700435d6d880290",
        "is_verified": false,
        "line_number": 231,
        "is_added": false,
        "is_removed": false
      },
      {
        "type": "Secret Keyword",
        "filename": "tests\\features\\auth-password-reset.actions.test.ts",
        "hashed_secret": "7bd5a5c0ba1a2d932b1b76de2e56337c4d31fd0b",
        "is_verified": false,
        "line_number": 235,
        "is_added": false,
        "is_removed": false
      },
      {
        "type": "Secret Keyword",
        "filename": "tests\\features\\auth-password-reset.actions.test.ts",
        "hashed_secret": "c65d93950e620d4446afa2d463e48d3cbfd6c773",
        "is_verified": false,
        "line_number": 236,
        "is_added": false,
        "is_removed": false
      }
    ],
    "tests\\features\\auth-prelaunch-lock.actions.test.ts": [
      {
        "type": "Secret Keyword",
        "filename": "tests\\features\\auth-prelaunch-lock.actions.test.ts",
        "hashed_secret": "7bd5a5c0ba1a2d932b1b76de2e56337c4d31fd0b",
        "is_verified": false,
        "line_number": 115,
        "is_added": false,
        "is_removed": false
      }
    ],
    "tests\\features\\cron-auth.test.ts": [
      {
        "type": "Secret Keyword",
        "filename": "tests\\features\\cron-auth.test.ts",
        "hashed_secret": "98bd449adf738a3cb039afadc340771aeea1616a",
        "is_verified": false,
        "line_number": 9,
        "is_added": false,
        "is_removed": false
      },
      {
        "type": "Secret Keyword",
        "filename": "tests\\features\\cron-auth.test.ts",
        "hashed_secret": "83b064c1631da2a9c4180902319361f312cf398d",
        "is_verified": false,
        "line_number": 61,
        "is_added": false,
        "is_removed": false
      },
      {
        "type": "Secret Keyword",
        "filename": "tests\\features\\cron-auth.test.ts",
        "hashed_secret": "ed7d0f8c0d596998fe4aa2a7ddafc136b62ff871",
        "is_verified": false,
        "line_number": 80,
        "is_added": false,
        "is_removed": false
      },
      {
        "type": "Secret Keyword",
        "filename": "tests\\features\\cron-auth.test.ts",
        "hashed_secret": "c85a4f7cab77ba7e0fd7ddfead4e7a12344bb75d",
        "is_verified": false,
        "line_number": 81,
        "is_added": false,
        "is_removed": false
      }
    ],
    "tests\\features\\internal-auth.test.ts": [
      {
        "type": "Secret Keyword",
        "filename": "tests\\features\\internal-auth.test.ts",
        "hashed_secret": "af38b7b868a1d88ccf3b8e58513bdb673bdae2e6",
        "is_verified": false,
        "line_number": 10,
        "is_added": false,
        "is_removed": false
      },
      {
        "type": "Secret Keyword",
        "filename": "tests\\features\\internal-auth.test.ts",
        "hashed_secret": "4bb5c71d7d93ce84557020ba8e5c18cac5a17556",
        "is_verified": false,
        "line_number": 50,
        "is_added": false,
        "is_removed": false
      }
    ],
    "tests\\features\\marketplace-production-readiness.test.mjs": [
      {
        "type": "Secret Keyword",
        "filename": "tests\\features\\marketplace-production-readiness.test.mjs",
        "hashed_secret": "42decaf1218931a956bb940759a33d3773a6329a",
        "is_verified": false,
        "line_number": 54,
        "is_added": false,
        "is_removed": false
      }
    ],
    "tests\\features\\notifications-push.test.ts": [
      {
        "type": "Secret Keyword",
        "filename": "tests\\features\\notifications-push.test.ts",
        "hashed_secret": "2c35baf5aa803a12df64c64b97df0445c46aeb03",
        "is_verified": false,
        "line_number": 85,
        "is_added": false,
        "is_removed": false
      }
    ],
    "tests\\features\\rate-limiter-fallback.test.ts": [
      {
        "type": "Secret Keyword",
        "filename": "tests\\features\\rate-limiter-fallback.test.ts",
        "hashed_secret": "c85a4f7cab77ba7e0fd7ddfead4e7a12344bb75d",
        "is_verified": false,
        "line_number": 46,
        "is_added": false,
        "is_removed": false
      }
    ],
    "tests\\features\\security-log-durability.test.ts": [
      {
        "type": "Secret Keyword",
        "filename": "tests\\features\\security-log-durability.test.ts",
        "hashed_secret": "c85a4f7cab77ba7e0fd7ddfead4e7a12344bb75d",
        "is_verified": false,
        "line_number": 48,
        "is_added": false,
        "is_removed": false
      }
    ],
    "tests\\features\\security-log-integrity.test.ts": [
      {
        "type": "Secret Keyword",
        "filename": "tests\\features\\security-log-integrity.test.ts",
        "hashed_secret": "937060b049dea7ae0529e22182a439814b7a76b6",
        "is_verified": false,
        "line_number": 37,
        "is_added": false,
        "is_removed": false
      }
    ],
    "tests\\features\\server-env-security.test.ts": [
      {
        "type": "Secret Keyword",
        "filename": "tests\\features\\server-env-security.test.ts",
        "hashed_secret": "98bd449adf738a3cb039afadc340771aeea1616a",
        "is_verified": false,
        "line_number": 7,
        "is_added": false,
        "is_removed": false
      },
      {
        "type": "Secret Keyword",
        "filename": "tests\\features\\server-env-security.test.ts",
        "hashed_secret": "c85a4f7cab77ba7e0fd7ddfead4e7a12344bb75d",
        "is_verified": false,
        "line_number": 100,
        "is_added": false,
        "is_removed": false
      }
    ],
    "tests\\features\\stripe-connect-sample-credentials.test.ts": [
      {
        "type": "Secret Keyword",
        "filename": "tests\\features\\stripe-connect-sample-credentials.test.ts",
        "hashed_secret": "612c728408baae5ff227c944ea873b0ec4c8ffe9",
        "is_verified": false,
        "line_number": 61,
        "is_added": false,
        "is_removed": false
      },
      {
        "type": "Secret Keyword",
        "filename": "tests\\features\\stripe-connect-sample-credentials.test.ts",
        "hashed_secret": "89c855a2144ff3314270dc8772d161df8976149d",
        "is_verified": false,
        "line_number": 85,
        "is_added": false,
        "is_removed": false
      },
      {
        "type": "Secret Keyword",
        "filename": "tests\\features\\stripe-connect-sample-credentials.test.ts",
        "hashed_secret": "d6949396727adbec13d141b52cbd1efee66c32c4",
        "is_verified": false,
        "line_number": 93,
        "is_added": false,
        "is_removed": false
      },
      {
        "type": "Secret Keyword",
        "filename": "tests\\features\\stripe-connect-sample-credentials.test.ts",
        "hashed_secret": "54ef718852643a85a66724156713a920326798e0",
        "is_verified": false,
        "line_number": 94,
        "is_added": false,
        "is_removed": false
      }
    ],
    "tests\\features\\stripe-connect-security.test.ts": [
      {
        "type": "Secret Keyword",
        "filename": "tests\\features\\stripe-connect-security.test.ts",
        "hashed_secret": "3e6b47ce8cff9284feac955c21776af9526c5a91",
        "is_verified": false,
        "line_number": 38,
        "is_added": false,
        "is_removed": false
      }
    ],
    "tests\\scripts\\test-db-connection.test.mjs": [
      {
        "type": "Basic Auth Credentials",
        "filename": "tests\\scripts\\test-db-connection.test.mjs",
        "hashed_secret": "e5e9fa1ba31ecd1ae84f75caaa474f3a663f05f4",
        "is_verified": false,
        "line_number": 9,
        "is_added": false,
        "is_removed": false
      }
    ]
  },
  "generated_at": "2026-05-26T22:59:05Z"
}
